============================= test session starts =============================
platform win32 -- Python 3.13.13, pytest-9.1.1, pluggy-1.6.0 -- C:\Users\SGH\AppData\Local\Programs\Python\Python313\python.exe
cachedir: .pytest_cache
hypothesis profile 'default'
rootdir: D:\Projects\PMS_Dashboard\Backend
configfile: pyproject.toml
plugins: anyio-4.14.0, hypothesis-6.155.6, asyncio-1.4.0
asyncio: mode=Mode.STRICT, debug=False, asyncio_default_fixture_loop_scope=None, asyncio_default_test_loop_scope=function
collecting ... collected 1 item

tests/test_three_teams.py::test_property_pharmacy_direct_kpi_calculation PASSED [100%]

============================== 1 passed in 0.58s ==============================
